// Jest Snapshot v1, https://goo.gl/fbAQLP

exports[`App header is rendered 1`] = `
<header
  class="dbs-app-header"
>
  <a
    class="dbs-main-logo-link"
    href="https://www.dbschenker.com/fi-fi/"
    target="_blank"
  >
    <img
      alt="DB-Schenker"
      class="dbs-main-logo"
      src="db-schenker-logo.svg"
    />
  </a>
  <div
    class="dbs-logged-in-user-info"
  >
    Logged in as 
    <span
      class="dbs-logged-in-user-info-name"
    >
      Test User
    </span>
  </div>
  <div
    class="dbs-locale-changer"
  >
    <div
      class="dbs-locale-changer-locale-active"
    >
      EN
    </div>
    <div
      class="dbs-locale-changer-locale"
    >
      FI
    </div>
  </div>
</header>
`;
